Canonical SDK headers: 78
X4 ordinary GT911 PASS: validation
X4 ordinary GT911 PASS: source-equivalence
X4 ordinary GT911 PASS: startup
X4 ordinary GT911 PASS: fallback
X4 ordinary GT911 PASS: no-chip
X4 ordinary GT911 PASS: subscriptions
X4 ordinary GT911 PASS: parallel-consumers
X4 ordinary GT911 PASS: events
X4 ordinary GT911 PASS: boundaries
X4 ordinary GT911 PASS: gaps
X4 ordinary GT911 PASS: overflow
X4 ordinary GT911 PASS: ack-failure
X4 ordinary GT911 PASS: read-failure
X4 ordinary GT911 PASS: owner-reentry
X4 ordinary GT911 PASS: release-retry
X4 ordinary GT911 PASS: pin-release-retry
X4 ordinary GT911 PASS: off-retry
X4 ordinary GT911 PASS: hold-retry
X4 ordinary GT911 PASS: hold-retained
X4 ordinary GT911 PASS: retire-retry
X4 ordinary GT911 PASS: destroy-retry
X4 ordinary GT911 PASS: claim-retained
X4 ordinary GT911 PASS: irq-claim-retained
X4 ordinary GT911 PASS: strap-release-retry
X4 ordinary GT911 PASS: reset-failure
X4 ordinary GT911 PASS: probe-release-retry
X4 ordinary GT911 PASS: bus-claim-retained
X4 ordinary GT911 PASS: unlock-retained
X4 ordinary GT911 PASS: power-subscriptions
X4 ordinary GT911 PASS: power-owner
X4 ordinary GT911 PASS: power-neutral
X4 ordinary GT911 PASS: power-prepare-release
X4 ordinary GT911 PASS: power-off-retained
X4 ordinary GT911 PASS: power-hold-refusal
X4 ordinary GT911 PASS: power-hold-retained
X4 ordinary GT911 PASS: power-unhold-refusal
X4 ordinary GT911 PASS: power-unhold-retained
X4 ordinary GT911 PASS: power-alternate-release
X4 ordinary GT911 PASS: power-second-release
X4 ordinary GT911 PASS: power-no-chip
X4 ordinary GT911 PASS: power-claim-refusal
X4 ordinary GT911 PASS: power-bus-retained
X4 ordinary GT911 PASS: power-empty-claim
X4 ordinary GT911 PASS: power-unlock-prepare
X4 ordinary GT911 PASS: power-unlock-resume
X4 ordinary GT911 PASS: power-zero
X4 ordinary GT911 PASS: power-timeout
X4 ordinary GT911 PASS: power-clock-reverse
X4 ordinary GT911 PASS: power-clock-stalled
X4 ordinary GT911 PASS: power-clock-overrun
X4 ordinary GT911 PASS: power-expiry-matrix
X4 ordinary GT911 PASS: power-final-prepared
X4 ordinary GT911 PASS: power-final-recovered
X4 ordinary GT911 PASS: power-final-partial
X4 ordinary GT911 PASS: power-primary-ack
X4 ordinary GT911 PASS: power-custody
X4 ordinary GT911 PASS: power-prepare-expiry-matrix
X4 ordinary GT911 PASS: power-final-expiry-matrix
X4 ordinary GT911 PASS: power-first-failure
X4 ordinary GT911 PASS: power-write-1
X4 ordinary GT911 PASS: power-write-2
X4 ordinary GT911 PASS: power-write-3
X4 ordinary GT911 PASS: power-write-4
X4 ordinary GT911 PASS: power-write-5
X4 ordinary GT911 PASS: power-write-6
X4 ordinary GT911 PASS: power-write-7
X4 ordinary GT911 PASS: power-claim-1
X4 ordinary GT911 PASS: power-pin-release-1
X4 ordinary GT911 PASS: power-claim-2
X4 ordinary GT911 PASS: power-pin-release-2
X4 ordinary GT911 PASS: power-claim-3
X4 ordinary GT911 PASS: power-pin-release-3
X4 ordinary GT911 PASS: power-claim-4
X4 ordinary GT911 PASS: power-pin-release-4
X4 ordinary GT911 PASS: power-transfer-1
X4 ordinary GT911 PASS: power-transfer-2
X4 ordinary GT911 PASS: power-transfer-3
X4 GT911 multi-contact PASS: wire-layout
X4 GT911 multi-contact PASS: reorder-lift
X4 GT911 multi-contact PASS: five-contacts
X4 GT911 multi-contact PASS: additions-before-motion
X4 GT911 multi-contact PASS: earlier-report-order
X4 GT911 multi-contact PASS: malformed
X4 GT911 multi-contact PASS: partial-reads
X4 GT911 multi-contact PASS: acknowledge
X4 GT911 multi-contact PASS: overflow-subscribers
X4 GT911 multi-contact PASS: power-neutral
